// Jest Snapshot v1, https://goo.gl/fbAQLP

exports[`Author renders correctly 1`] = `
<div
  className="author"
>
  <a
    href="/"
  >
    <img
      alt="test"
      className="author__photo"
      height="95"
      src="/photo.jpg"
      width="95"
    />
  </a>
  <h1
    className="author__title"
  >
    <a
      className="author__title-link"
      href="/"
    >
      test
    </a>
  </h1>
  <p
    className="author__subtitle"
  >
    test
  </p>
</div>
`;
